$ ts-node-dev --respawn src/server.ts
[INFO] 15:55:48 ts-node-dev ver. 2.0.0 (using ts-node ver. 10.9.2, typescript ver. 6.0.3)
Server running on http://localhost:3000
[INFO] 16:23:22 Restarting: C:\Users\Lenovo\Documents\Hugo\VK-RPG\VKRPG\src\domain\repositories\GameTableRulesRepository.ts has been modified
Server running on http://localhost:3000
[INFO] 16:23:28 Restarting: C:\Users\Lenovo\Documents\Hugo\VK-RPG\VKRPG\src\domain\repositories\GameTableRulesRepository.ts has been modified
Server running on http://localhost:3000
[INFO] 16:23:40 Restarting: C:\Users\Lenovo\Documents\Hugo\VK-RPG\VKRPG\src\domain\repositories\GameTableRulesRepository.ts has been modified
Server running on http://localhost:3000
[INFO] 21:46:52 Restarting: C:\Users\Lenovo\Documents\Hugo\VK-RPG\VKRPG\src\application\use-cases\tables-use-cases\CreateGameTableCase.ts has been modified
Server running on http://localhost:3000
[INFO] 21:47:22 Restarting: C:\Users\Lenovo\Documents\Hugo\VK-RPG\VKRPG\src\domain\repositories\queryStrings\GameTableDBStrings.ts has been modified
Server running on http://localhost:3000
[INFO] 21:47:25 Restarting: C:\Users\Lenovo\Documents\Hugo\VK-RPG\VKRPG\src\domain\repositories\queryStrings\GameTableDBStrings.ts has been modified
Server running on http://localhost:3000
[INFO] 21:47:28 Restarting: C:\Users\Lenovo\Documents\Hugo\VK-RPG\VKRPG\src\domain\repositories\GameTableRepository.ts has been modified
Compilation error in C:\Users\Lenovo\Documents\Hugo\VK-RPG\VKRPG\src\domain\repositories\GameTableRepository.ts
[ERROR] 21:47:30 ⨯ Unable to compile TypeScript:
src/domain/repositories/GameTableRepository.ts(50,11): error TS2353: Object literal may only specify known properties, and 'modules' does not exist in type 'GameTableWithPlayers'.
src/domain/repositories/GameTableRepository.ts(50,25): error TS2339: Property 'parseModules' does not exist on type 'GameTableRepository'.
src/domain/repositories/GameTableRepository.ts(63,34): error TS2345: Argument of type 'GameTableWithPlayers | undefined' is not assignable to parameter of type 'GameTableWithPlayers'.
  Type 'undefined' is not assignable to type 'GameTableWithPlayers'.
    Type 'undefined' is not assignable to type 'GameTableWithNarrator'.
src/domain/repositories/GameTableRepository.ts(70,20): error TS18048: 'table' is possibly 'undefined'.
src/domain/repositories/GameTableRepository.ts(79,9): error TS18048: 'table' is possibly 'undefined'.

[INFO] 21:47:31 Restarting: C:\Users\Lenovo\Documents\Hugo\VK-RPG\VKRPG\src\domain\repositories\GameTableRepository.ts has been modified
Compilation error in C:\Users\Lenovo\Documents\Hugo\VK-RPG\VKRPG\src\domain\repositories\GameTableRepository.ts
Compilation error in C:\Users\Lenovo\Documents\Hugo\VK-RPG\VKRPG\src\domain\repositories\GameTableRepository.ts
[ERROR] 21:47:39 ⨯ Unable to compile TypeScript:
src/domain/repositories/GameTableRepository.ts(50,11): error TS2353: Object literal may only specify known properties, and 'modules' does not exist in type 'GameTableWithPlayers'.
src/domain/repositories/GameTableRepository.ts(63,34): error TS2345: Argument of type 'GameTableWithPlayers | undefined' is not assignable to parameter of type 'GameTableWithPlayers'.
  Type 'undefined' is not assignable to type 'GameTableWithPlayers'.
    Type 'undefined' is not assignable to type 'GameTableWithNarrator'.
src/domain/repositories/GameTableRepository.ts(70,20): error TS18048: 'table' is possibly 'undefined'.
src/domain/repositories/GameTableRepository.ts(79,9): error TS18048: 'table' is possibly 'undefined'.
src/domain/repositories/GameTableRepository.ts(150,7): error TS2353: Object literal may only specify known properties, and 'modules' does not exist in type 'GameTableWithPlayers'.
src/domain/repositories/GameTableRepository.ts(523,7): error TS2353: Object literal may only specify known properties, and 'modules' does not exist in type 'GameTable'.

[INFO] 21:47:47 Restarting: C:\Users\Lenovo\Documents\Hugo\VK-RPG\VKRPG\src\api\routes\userRoutes.ts has been modified
[ERROR] 21:47:54 ⨯ Unable to compile TypeScript:
src/domain/repositories/GameTableRepository.ts(50,11): error TS2353: Object literal may only specify known properties, and 'modules' does not exist in type 'GameTableWithPlayers'.
src/domain/repositories/GameTableRepository.ts(63,34): error TS2345: Argument of type 'GameTableWithPlayers | undefined' is not assignable to parameter of type 'GameTableWithPlayers'.
  Type 'undefined' is not assignable to type 'GameTableWithPlayers'.
    Type 'undefined' is not assignable to type 'GameTableWithNarrator'.
src/domain/repositories/GameTableRepository.ts(70,20): error TS18048: 'table' is possibly 'undefined'.
src/domain/repositories/GameTableRepository.ts(79,9): error TS18048: 'table' is possibly 'undefined'.
src/domain/repositories/GameTableRepository.ts(150,7): error TS2353: Object literal may only specify known properties, and 'modules' does not exist in type 'GameTableWithPlayers'.
src/domain/repositories/GameTableRepository.ts(523,7): error TS2353: Object literal may only specify known properties, and 'modules' does not exist in type 'GameTable'.

[INFO] 21:47:54 Restarting: C:\Users\Lenovo\Documents\Hugo\VK-RPG\VKRPG\src\api\routes\userRoutes.ts has been modified
[ERROR] 21:47:57 ⨯ Unable to compile TypeScript:
src/domain/repositories/GameTableRepository.ts(50,11): error TS2353: Object literal may only specify known properties, and 'modules' does not exist in type 'GameTableWithPlayers'.
src/domain/repositories/GameTableRepository.ts(63,34): error TS2345: Argument of type 'GameTableWithPlayers | undefined' is not assignable to parameter of type 'GameTableWithPlayers'.
  Type 'undefined' is not assignable to type 'GameTableWithPlayers'.
    Type 'undefined' is not assignable to type 'GameTableWithNarrator'.
src/domain/repositories/GameTableRepository.ts(70,20): error TS18048: 'table' is possibly 'undefined'.
src/domain/repositories/GameTableRepository.ts(79,9): error TS18048: 'table' is possibly 'undefined'.
src/domain/repositories/GameTableRepository.ts(150,7): error TS2353: Object literal may only specify known properties, and 'modules' does not exist in type 'GameTableWithPlayers'.
src/domain/repositories/GameTableRepository.ts(523,7): error TS2353: Object literal may only specify known properties, and 'modules' does not exist in type 'GameTable'.

[INFO] 21:47:59 Restarting: C:\Users\Lenovo\Documents\Hugo\VK-RPG\VKRPG\src\api\routes\userRoutes.ts has been modified
[ERROR] 21:48:01 ⨯ Unable to compile TypeScript:
src/domain/repositories/GameTableRepository.ts(50,11): error TS2353: Object literal may only specify known properties, and 'modules' does not exist in type 'GameTableWithPlayers'.
src/domain/repositories/GameTableRepository.ts(63,34): error TS2345: Argument of type 'GameTableWithPlayers | undefined' is not assignable to parameter of type 'GameTableWithPlayers'.
  Type 'undefined' is not assignable to type 'GameTableWithPlayers'.
    Type 'undefined' is not assignable to type 'GameTableWithNarrator'.
src/domain/repositories/GameTableRepository.ts(70,20): error TS18048: 'table' is possibly 'undefined'.
src/domain/repositories/GameTableRepository.ts(79,9): error TS18048: 'table' is possibly 'undefined'.
src/domain/repositories/GameTableRepository.ts(150,7): error TS2353: Object literal may only specify known properties, and 'modules' does not exist in type 'GameTableWithPlayers'.
src/domain/repositories/GameTableRepository.ts(523,7): error TS2353: Object literal may only specify known properties, and 'modules' does not exist in type 'GameTable'.

[INFO] 21:48:04 Restarting: C:\Users\Lenovo\Documents\Hugo\VK-RPG\VKRPG\src\api\routes\userRoutes.ts has been modified
[ERROR] 21:48:06 ⨯ Unable to compile TypeScript:
src/domain/repositories/GameTableRepository.ts(50,11): error TS2353: Object literal may only specify known properties, and 'modules' does not exist in type 'GameTableWithPlayers'.
src/domain/repositories/GameTableRepository.ts(63,34): error TS2345: Argument of type 'GameTableWithPlayers | undefined' is not assignable to parameter of type 'GameTableWithPlayers'.
  Type 'undefined' is not assignable to type 'GameTableWithPlayers'.
    Type 'undefined' is not assignable to type 'GameTableWithNarrator'.
src/domain/repositories/GameTableRepository.ts(70,20): error TS18048: 'table' is possibly 'undefined'.
src/domain/repositories/GameTableRepository.ts(79,9): error TS18048: 'table' is possibly 'undefined'.
src/domain/repositories/GameTableRepository.ts(150,7): error TS2353: Object literal may only specify known properties, and 'modules' does not exist in type 'GameTableWithPlayers'.
src/domain/repositories/GameTableRepository.ts(523,7): error TS2353: Object literal may only specify known properties, and 'modules' does not exist in type 'GameTable'.

[INFO] 21:52:03 Restarting: C:\Users\Lenovo\Documents\Hugo\VK-RPG\VKRPG\src\domain\repositories\GameTableRepository.ts has been modified
Compilation error in C:\Users\Lenovo\Documents\Hugo\VK-RPG\VKRPG\src\domain\repositories\GameTableRepository.ts
[ERROR] 21:52:05 ⨯ Unable to compile TypeScript:
src/domain/repositories/GameTableRepository.ts(524,7): error TS2353: Object literal may only specify known properties, and 'modules' does not exist in type 'GameTable'.

[INFO] 09:55:35 Restarting: C:\Users\Lenovo\Documents\Hugo\VK-RPG\VKRPG\src\domain\repositories\GameTableRepository.ts has been modified
Compilation error in C:\Users\Lenovo\Documents\Hugo\VK-RPG\VKRPG\src\domain\repositories\GameTableRepository.ts
Compilation error in C:\Users\Lenovo\Documents\Hugo\VK-RPG\VKRPG\src\domain\repositories\GameTableRepository.ts
[ERROR] 09:55:43 ⨯ Unable to compile TypeScript:
src/domain/repositories/GameTableRepository.ts(482,62): error TS2345: Argument of type '{ id: any; name: any; userId: any; username: any; conscious: boolean; }' is not assignable to parameter of type '{ id: string; name: string; userId: string; username: string; conscious: boolean; q: number | null; r: number | null; facing: number | null; }'.
  Type '{ id: any; name: any; userId: any; username: any; conscious: boolean; }' is missing the following properties from type '{ id: string; name: string; userId: string; username: string; conscious: boolean; q: number | null; r: number | null; facing: number | null; }': q, r, facing
src/domain/repositories/GameTableRepository.ts(495,55): error TS2345: Argument of type '{ id: any; characterId: any; name: any; status: any; }' is not assignable to parameter of type '{ id: string; characterId: string; name: string; status: string; q: number | null; r: number | null; facing: number | null; }'.
  Type '{ id: any; characterId: any; name: any; status: any; }' is missing the following properties from type '{ id: string; characterId: string; name: string; status: string; q: number | null; r: number | null; facing: number | null; }': q, r, facing
src/domain/repositories/GameTableRepository.ts(507,9): error TS2740: Type '{ id: any; name: any; region: any; subRegion: any; address: any; isIndoor: boolean; country: any; area: any; dimensions: any; description: any; other: any; }' is missing the following properties from type '{ id: string; name: string; parentId: string | null; kind: string | null; level: number | null; path: string | null; region: string; subRegion: string; address: string; isIndoor: boolean; country: string; ... 8 more ...; drawing: any[]; }': parentId, kind, level, path, and 5 more.

[INFO] 09:55:44 Restarting: C:\Users\Lenovo\Documents\Hugo\VK-RPG\VKRPG\src\domain\repositories\GameTableRepository.ts has been modified
Compilation error in C:\Users\Lenovo\Documents\Hugo\VK-RPG\VKRPG\src\domain\repositories\GameTableRepository.ts
Compilation error in C:\Users\Lenovo\Documents\Hugo\VK-RPG\VKRPG\src\domain\repositories\GameTableRepository.ts
[ERROR] 09:55:52 ⨯ Unable to compile TypeScript:
src/domain/repositories/GameTableRepository.ts(513,9): error TS2740: Type '{ id: any; name: any; region: any; subRegion: any; address: any; isIndoor: boolean; country: any; area: any; dimensions: any; description: any; other: any; }' is missing the following properties from type '{ id: string; name: string; parentId: string | null; kind: string | null; level: number | null; path: string | null; region: string; subRegion: string; address: string; isIndoor: boolean; country: string; ... 8 more ...; drawing: any[]; }': parentId, kind, level, path, and 5 more.

[INFO] 09:55:56 Restarting: C:\Users\Lenovo\Documents\Hugo\VK-RPG\VKRPG\src\domain\repositories\GameTableRepository.ts has been modified
Compilation error in C:\Users\Lenovo\Documents\Hugo\VK-RPG\VKRPG\src\domain\repositories\GameTableRepository.ts
[ERROR] 09:56:01 ⨯ Unable to compile TypeScript:
src/domain/repositories/GameTableRepository.ts(542,23): error TS2339: Property 'parseJsonArray' does not exist on type 'GameTableRepository'.
src/domain/repositories/GameTableRepository.ts(543,25): error TS2339: Property 'parseJsonArray' does not exist on type 'GameTableRepository'.

[INFO] 09:56:04 Restarting: C:\Users\Lenovo\Documents\Hugo\VK-RPG\VKRPG\src\domain\repositories\GameTableRepository.ts has been modified
Server running on http://localhost:3000
[INFO] 09:56:19 Restarting: C:\Users\Lenovo\Documents\Hugo\VK-RPG\VKRPG\src\domain\repositories\GameTableRepository.ts has been modified
Server running on http://localhost:3000
[INFO] 09:56:39 Restarting: C:\Users\Lenovo\Documents\Hugo\VK-RPG\VKRPG\src\domain\repositories\GameTableRepository.ts has been modified
Server running on http://localhost:3000
[INFO] 09:56:47 Restarting: C:\Users\Lenovo\Documents\Hugo\VK-RPG\VKRPG\src\application\use-cases\tables-use-cases\CreateNarrationUseCase.ts has been modified
Server running on http://localhost:3000
[INFO] 09:56:57 Restarting: C:\Users\Lenovo\Documents\Hugo\VK-RPG\VKRPG\src\application\use-cases\tables-use-cases\CreateNarrationActionUseCase.ts has been modified
Server running on http://localhost:3000
